[2026-07-26 18:28:21] [WARN] Failed to post to log group (-1003666356509): bot is not a member of the chat
[2026-07-26 18:28:21] [INFO] Loaded command: /auction [economy] (economy/auction.js)
[2026-07-26 18:28:21] [INFO] Loaded command: /bank [economy] (economy/bank.js)
[2026-07-26 18:28:21] [INFO] Loaded command: /bid [economy] (economy/bid.js)
[2026-07-26 18:28:21] [INFO] Loaded command: /buy [economy] (economy/buy.js)
[2026-07-26 18:28:21] [INFO] Loaded command: /claim [economy] (economy/claim.js)
[2026-07-26 18:28:21] [INFO] Loaded command: /coupon [economy] (economy/coupon.js)
[2026-07-26 18:28:21] [INFO] Loaded command: /deposit [economy] (economy/deposit.js)
[2026-07-26 18:28:21] [INFO] Loaded command: /equip [economy] (economy/equip.js)
[2026-07-26 18:28:21] [INFO] Loaded command: /gift [economy] (economy/gift.js)
[2026-07-26 18:28:21] [INFO] Loaded command: /interest [economy] (economy/interest.js)
[2026-07-26 18:28:21] [INFO] Loaded command: /inventory [economy] (economy/inventory.js)
[2026-07-26 18:28:21] [INFO] Loaded command: /invoice [economy] (economy/invoice.js)
[2026-07-26 18:28:21] [INFO] Loaded command: /loan [economy] (economy/loan.js)
[2026-07-26 18:28:21] [INFO] Loaded command: /market [economy] (economy/market.js)
[2026-07-26 18:28:21] [INFO] Loaded command: /pay [economy] (economy/pay.js)
[2026-07-26 18:28:21] [INFO] Loaded command: /redeem [economy] (economy/redeem.js)
[2026-07-26 18:28:21] [INFO] Loaded command: /repay [economy] (economy/repay.js)
[2026-07-26 18:28:21] [INFO] Loaded command: /request [economy] (economy/request.js)
[2026-07-26 18:28:21] [INFO] Loaded command: /reward [economy] (economy/reward.js)
[2026-07-26 18:28:21] [INFO] Loaded command: /rob [economy] (economy/rob.js)
[2026-07-26 18:28:21] [INFO] Loaded command: /sell [economy] (economy/sell.js)
[2026-07-26 18:28:21] [INFO] Loaded command: /send [economy] (economy/send.js)
[2026-07-26 18:28:21] [INFO] Loaded command: /shop [economy] (economy/shop.js)
[2026-07-26 18:28:21] [INFO] Loaded command: /tax [economy] (economy/tax.js)
[2026-07-26 18:28:21] [INFO] Loaded command: /trade [economy] (economy/trade.js)
[2026-07-26 18:28:21] [INFO] Loaded command: /unequip [economy] (economy/unequip.js)
[2026-07-26 18:28:21] [INFO] Loaded command: /vault [economy] (economy/vault.js)
[2026-07-26 18:28:21] [INFO] Loaded command: /withdraw [economy] (economy/withdraw.js)
[2026-07-26 18:28:21] [INFO] Loaded command: /8ball [fun] (fun/8ball.js)
[2026-07-26 18:28:21] [INFO] Loaded command: /ageguess [fun] (fun/ageguess.js)
[2026-07-26 18:28:21] [INFO] Loaded command: /birthday [fun] (fun/birthday.js)
[2026-07-26 18:28:21] [INFO] Loaded command: /challenge [fun] (fun/challenge.js)
[2026-07-26 18:28:21] [INFO] Loaded command: /compliment [fun] (fun/compliment.js)
[2026-07-26 18:28:21] [INFO] Loaded command: /dare [fun] (fun/dare.js)
[2026-07-26 18:28:21] [INFO] Loaded command: /fact [fun] (fun/fact.js)
[2026-07-26 18:28:21] [INFO] Loaded command: /fortune [fun] (fun/fortune.js)
[2026-07-26 18:28:21] [INFO] Loaded command: /fortunecookie [fun] (fun/fortunecookie.js)
[2026-07-26 18:28:21] [INFO] Loaded command: /iq [fun] (fun/iq.js)
[2026-07-26 18:28:21] [INFO] Loaded command: /joke [fun] (fun/joke.js)
[2026-07-26 18:28:21] [INFO] Loaded command: /kill [fun] (fun/kill.js)
[2026-07-26 18:28:21] [INFO] Loaded command: /luck [fun] (fun/luck.js)
[2026-07-26 18:28:21] [INFO] Loaded command: /nickname [fun] (fun/nickname.js)
[2026-07-26 18:28:21] [INFO] Loaded command: /partner [fun] (fun/partner.js)
[2026-07-26 18:28:21] [INFO] Loaded command: /quote [fun] (fun/quote.js)
[2026-07-26 18:28:21] [INFO] Loaded command: /rate [fun] (fun/rate.js)
[2026-07-26 18:28:21] [INFO] Loaded command: /roast [fun] (fun/roast.js)
[2026-07-26 18:28:21] [INFO] Loaded command: /ship [fun] (fun/ship.js)
[2026-07-26 18:28:21] [INFO] Loaded command: /truth [fun] (fun/truth.js)
[2026-07-26 18:28:21] [INFO] Loaded command: /bonus [gacha] (gacha/bonus.js)
[2026-07-26 18:28:21] [INFO] Loaded command: /code [gacha] (gacha/code.js)
[2026-07-26 18:28:21] [INFO] Loaded command: /collection [gacha] (gacha/collection.js)
[2026-07-26 18:28:21] [INFO] Loaded command: /drop [gacha] (gacha/drop.js)
[2026-07-26 18:28:21] [INFO] Loaded command: /event [gacha] (gacha/event.js)
[2026-07-26 18:28:21] [INFO] Loaded command: /eventshop [gacha] (gacha/eventshop.js)
[2026-07-26 18:28:21] [INFO] Loaded command: /exchange [gacha] (gacha/exchange.js)
[2026-07-26 18:28:21] [INFO] Loaded command: /gachahistory [gacha] (gacha/gachahistory.js)
[2026-07-26 18:28:21] [INFO] Loaded command: /gacharedeem [gacha] (gacha/gacharedeem.js)
[2026-07-26 18:28:21] [INFO] Loaded command: /giftitem [gacha] (gacha/giftitem.js)
[2026-07-26 18:28:21] [INFO] Loaded command: /items [gacha] (gacha/items.js)
[2026-07-26 18:28:21] [INFO] Loaded command: /luckcheck [gacha] (gacha/luckcheck.js)
[2026-07-26 18:28:21] [INFO] Loaded command: /merge [gacha] (gacha/merge.js)
[2026-07-26 18:28:21] [INFO] Loaded command: /multispin [gacha] (gacha/multispin.js)
[2026-07-26 18:28:21] [INFO] Loaded command: /rarity [gacha] (gacha/rarity.js)
[2026-07-26 18:28:21] [INFO] Loaded command: /rewards [gacha] (gacha/rewards.js)
[2026-07-26 18:28:21] [INFO] Loaded command: /season [gacha] (gacha/season.js)
[2026-07-26 18:28:21] [INFO] Loaded command: /spin [gacha] (gacha/spin.js)
[2026-07-26 18:28:21] [INFO] Loaded command: /upgrade [gacha] (gacha/upgrade.js)
[2026-07-26 18:28:21] [INFO] Loaded command: /wishlist [gacha] (gacha/wishlist.js)
[2026-07-26 18:28:21] [INFO] Loaded command: /blackjack [games] (games/blackjack.js)
[2026-07-26 18:28:21] [INFO] Loaded command: /casino [games] (games/casino.js)
[2026-07-26 18:28:21] [INFO] Loaded command: /chess [games] (games/chess.js)
[2026-07-26 18:28:21] [INFO] Loaded command: /coinflip [games] (games/coinflip.js)
[2026-07-26 18:28:21] [INFO] Loaded command: /dailygame [games] (games/dailygame.js)
[2026-07-26 18:28:21] [INFO] Loaded command: /dice [games] (games/dice.js)
[2026-07-26 18:28:21] [INFO] Loaded command: /duel [games] (games/duel.js)
[2026-07-26 18:28:21] [INFO] Loaded command: /fight [games] (games/fight.js)
[2026-07-26 18:28:21] [INFO] Loaded command: /games [games] (games/games.js)
[2026-07-26 18:28:21] [INFO] Loaded command: /guess [games] (games/guess.js)
[2026-07-26 18:28:21] [INFO] Loaded command: /hangman [games] (games/hangman.js)
[2026-07-26 18:28:21] [INFO] Loaded command: /heal [games] (games/heal.js)
[2026-07-26 18:28:21] [WARN] Skipping invalid command file: games/health-store.js (missing "name" or "execute")
[2026-07-26 18:28:21] [INFO] Loaded command: /ludo [games] (games/ludo.js)
[2026-07-26 18:28:21] [INFO] Loaded command: /memory [games] (games/memory.js)
[2026-07-26 18:28:21] [INFO] Loaded command: /poker [games] (games/poker.js)
[2026-07-26 18:28:21] [INFO] Loaded command: /quizgame [games] (games/quizgame.js)
[2026-07-26 18:28:21] [INFO] Loaded command: /race [games] (games/race.js)
[2026-07-26 18:28:21] [INFO] Loaded command: /roulette [games] (games/roulette.js)
[2026-07-26 18:28:21] [INFO] Loaded command: /rps [games] (games/rps.js)
[2026-07-26 18:28:21] [INFO] Loaded command: /slots [games] (games/slots.js)
[2026-07-26 18:28:21] [INFO] Loaded command: /snake [games] (games/snake.js)
[2026-07-26 18:28:21] [INFO] Loaded command: /tictactoe [games] (games/tictactoe.js)
[2026-07-26 18:28:21] [INFO] Loaded command: /wordle [games] (games/wordle.js)
[2026-07-26 18:28:21] [INFO] Loaded command: /admins [group] (group/admins.js)
[2026-07-26 18:28:21] [INFO] Loaded command: /announce [group] (group/announce.js)
[2026-07-26 18:28:21] [INFO] Loaded command: /approve [group] (group/approve.js)
[2026-07-26 18:28:21] [INFO] Loaded command: /ban [group] (group/ban.js)
[2026-07-26 18:28:21] [INFO] Loaded command: /clean [group] (group/clean.js)
[2026-07-26 18:28:21] [INFO] Loaded command: /clearwarn [group] (group/clearwarn.js)
[2026-07-26 18:28:21] [INFO] Loaded command: /goodbye [group] (group/goodbye.js)
[2026-07-26 18:28:21] [INFO] Loaded command: /groupinfo [group] (group/groupinfo.js)
[2026-07-26 18:28:21] [INFO] Loaded command: /grouplink [group] (group/grouplink.js)
[2026-07-26 18:28:21] [INFO] Loaded command: /kick [group] (group/kick.js)
[2026-07-26 18:28:21] [INFO] Loaded command: /lock [group] (group/lock.js)
[2026-07-26 18:28:21] [INFO] Loaded command: /mute [group] (group/mute.js)
[2026-07-26 18:28:21] [INFO] Loaded command: /pin [group] (group/pin.js)
[2026-07-26 18:28:21] [INFO] Loaded command: /poll [group] (group/poll.js)
[2026-07-26 18:28:21] [INFO] Loaded command: /removeapprove [group] (group/removeapprove.js)
[2026-07-26 18:28:21] [INFO] Loaded command: /report [group] (group/report.js)
[2026-07-26 18:28:21] [INFO] Loaded command: /rules [group] (group/rules.js)
[2026-07-26 18:28:21] [INFO] Loaded command: /slowmode [group] (group/slowmode.js)
[2026-07-26 18:28:21] [INFO] Loaded command: /tagall [group] (group/tagall.js)
[2026-07-26 18:28:21] [INFO] Loaded command: /unban [group] (group/unban.js)
[2026-07-26 18:28:21] [INFO] Loaded command: /unlock [group] (group/unlock.js)
[2026-07-26 18:28:21] [INFO] Loaded command: /unmute [group] (group/unmute.js)
[2026-07-26 18:28:21] [INFO] Loaded command: /unpin [group] (group/unpin.js)
[2026-07-26 18:28:21] [INFO] Loaded command: /warn [group] (group/warn.js)
[2026-07-26 18:28:21] [INFO] Loaded command: /welcome [group] (group/welcome.js)
[2026-07-26 18:28:21] [INFO] Loaded command: /compress [media] (media/compress.js)
[2026-07-26 18:28:21] [INFO] Loaded command: /convert [media] (media/convert.js)
[2026-07-26 18:28:21] [INFO] Loaded command: /enhance [media] (media/enhance.js)
[2026-07-26 18:28:21] [INFO] Loaded command: /facebook [media] (media/facebook.js)
[2026-07-26 18:28:21] [INFO] Loaded command: /gif [media] (media/gif.js)
[2026-07-26 18:28:21] [INFO] Loaded command: /instagram [media] (media/instagram.js)
[2026-07-26 18:28:21] [INFO] Loaded command: /lyrics [media] (media/lyrics.js)
[2026-07-26 18:28:21] [INFO] Loaded command: /meme [media] (media/meme.js)
[2026-07-26 18:28:21] [INFO] Loaded command: /music [media] (media/music.js)
[2026-07-26 18:28:21] [INFO] Loaded command: /resize [media] (media/resize.js)
[2026-07-26 18:28:21] [INFO] Loaded command: /song [media] (media/song.js)
[2026-07-26 18:28:21] [INFO] Loaded command: /spotify [media] (media/spotify.js)
[2026-07-26 18:28:21] [INFO] Loaded command: /sticker [media] (media/sticker.js)
[2026-07-26 18:28:21] [INFO] Loaded command: /textsticker [media] (media/textsticker.js)
[2026-07-26 18:28:21] [INFO] Loaded command: /tiktok [media] (media/tiktok.js)
[2026-07-26 18:28:21] [INFO] Loaded command: /twitter [media] (media/twitter.js)
[2026-07-26 18:28:21] [INFO] Loaded command: /upload [media] (media/upload.js)
[2026-07-26 18:28:21] [INFO] Loaded command: /watermark [media] (media/watermark.js)
[2026-07-26 18:28:21] [INFO] Loaded command: /youtube [media] (media/youtube.js)
[2026-07-26 18:28:21] [INFO] Loaded command: /ytaudio [media] (media/ytaudio.js)
[2026-07-26 18:28:21] [INFO] Loaded command: /addadmin [owner] (owner/addadmin.js)
[2026-07-26 18:28:21] [INFO] Loaded command: /addbot [owner] (owner/addbot.js)
[2026-07-26 18:28:21] [INFO] Loaded command: /bots [owner] (owner/bots.js)
[2026-07-26 18:28:21] [INFO] Loaded command: /broadcast [owner] (owner/broadcast.js)
[2026-07-26 18:28:21] [INFO] Loaded command: /clearcache [owner] (owner/clearcache.js)
[2026-07-26 18:28:21] [WARN] Skipping invalid command file: owner/coad.js (missing "name" or "execute")
[2026-07-26 18:28:21] [INFO] Loaded command: /config [owner] (owner/config.js)
[2026-07-26 18:28:21] [INFO] Loaded command: /disable [owner] (owner/disable.js)
[2026-07-26 18:28:21] [INFO] Loaded command: /enable [owner] (owner/enable.js)
[2026-07-26 18:28:21] [INFO] Loaded command: /export [owner] (owner/export.js)
[2026-07-26 18:28:21] [INFO] Loaded command: /feature [owner] (owner/feature.js)
[2026-07-26 18:28:21] [INFO] Loaded command: /import [owner] (owner/import.js)
[2026-07-26 18:28:21] [INFO] Loaded command: /maintenance [owner] (owner/maintenance.js)
[2026-07-26 18:28:21] [INFO] Loaded command: /monitor [owner] (owner/monitor.js)
[2026-07-26 18:28:21] [INFO] Loaded command: /premium [owner] (owner/premium.js)
[2026-07-26 18:28:21] [INFO] Loaded command: /premiumadd [owner] (owner/premiumadd.js)
[2026-07-26 18:28:21] [INFO] Loaded command: /premiumremove [owner] (owner/premiumremove.js)
[2026-07-26 18:28:21] [INFO] Loaded command: /reload [owner] (owner/reload.js)
[2026-07-26 18:28:21] [INFO] Loaded command: /removeadmin [owner] (owner/removeadmin.js)
[2026-07-26 18:28:21] [INFO] Loaded command: /removebot [owner] (owner/removebot.js)
[2026-07-26 18:28:21] [INFO] Loaded command: /restart [owner] (owner/restart.js)
[2026-07-26 18:28:21] [INFO] Loaded command: /shutdown [owner] (owner/shutdown.js)
[2026-07-26 18:28:21] [INFO] Loaded command: /stats [owner] (owner/stats.js)
[2026-07-26 18:28:21] [INFO] Loaded command: /update [owner] (owner/update.js)
[2026-07-26 18:28:21] [INFO] Loaded command: /antibot [security] (security/antibot.js)
[2026-07-26 18:28:21] [INFO] Loaded command: /antiflood [security] (security/antiflood.js)
[2026-07-26 18:28:21] [INFO] Loaded command: /antiraid [security] (security/antiraid.js)
[2026-07-26 18:28:21] [INFO] Loaded command: /antispam [security] (security/antispam.js)
[2026-07-26 18:28:21] [INFO] Loaded command: /antitoxic [security] (security/antitoxic.js)
[2026-07-26 18:28:21] [INFO] Loaded command: /audit [security] (security/audit.js)
[2026-07-26 18:28:21] [INFO] Loaded command: /autoreply [security] (security/autoreply.js)
[2026-07-26 18:28:21] [INFO] Loaded command: /autorole [security] (security/autorole.js)
[2026-07-26 18:28:21] [INFO] Loaded command: /backup [security] (security/backup.js)
[2026-07-26 18:28:21] [INFO] Loaded command: /blacklist [security] (security/blacklist.js)
[2026-07-26 18:28:21] [INFO] Loaded command: /captcha [security] (security/captcha.js)
[2026-07-26 18:28:21] [INFO] Loaded command: /cleanup [security] (security/cleanup.js)
[2026-07-26 18:28:21] [INFO] Loaded command: /filter [security] (security/filter.js)
[2026-07-26 18:28:21] [INFO] Loaded command: /linkguard [security] (security/linkguard.js)
[2026-07-26 18:28:21] [INFO] Loaded command: /logs [security] (security/logs.js)
[2026-07-26 18:28:21] [INFO] Loaded command: /permissions [security] (security/permissions.js)
[2026-07-26 18:28:21] [INFO] Loaded command: /restore [security] (security/restore.js)
[2026-07-26 18:28:21] [INFO] Loaded command: /scan [security] (security/scan.js)
[2026-07-26 18:28:21] [INFO] Loaded command: /verify [security] (security/verify.js)
[2026-07-26 18:28:21] [INFO] Loaded command: /whitelist [security] (security/whitelist.js)
[2026-07-26 18:28:21] [INFO] Loaded command: /avatar [user] (user/avatar.js)
[2026-07-26 18:28:21] [INFO] Loaded command: /badge [user] (user/badge.js)
[2026-07-26 18:28:21] [INFO] Loaded command: /balance [user] (user/balance.js)
[2026-07-26 18:28:21] [INFO] Loaded command: /bio [user] (user/bio.js)
[2026-07-26 18:28:21] [INFO] Loaded command: /daily [user] (user/daily.js)
[2026-07-26 18:28:21] [INFO] Loaded command: /help [user] (user/help.js)
[2026-07-26 18:28:21] [INFO] Loaded command: /history [user] (user/history.js)
[2026-07-26 18:28:21] [INFO] Loaded command: /leaderboard [user] (user/leaderboard.js)
[2026-07-26 18:28:21] [INFO] Loaded command: /level [user] (user/level.js)
[2026-07-26 18:28:21] [INFO] Loaded command: /menu [user] (user/menu.js)
[2026-07-26 18:28:21] [INFO] Loaded command: /monthly [user] (user/monthly.js)
[2026-07-26 18:28:21] [INFO] Loaded command: /profile [user] (user/profile.js)
[2026-07-26 18:28:21] [INFO] Loaded command: /profilepic [user] (user/profilepic.js)
[2026-07-26 18:28:21] [INFO] Loaded command: /rank [user] (user/rank.js)
[2026-07-26 18:28:21] [INFO] Loaded command: /referral [user] (user/referral.js)
[2026-07-26 18:28:21] [INFO] Loaded command: /setbio [user] (user/setbio.js)
[2026-07-26 18:28:21] [INFO] Loaded command: /settings [user] (user/settings.js)
[2026-07-26 18:28:21] [INFO] Loaded command: /start [user] (user/start.js)
[2026-07-26 18:28:21] [INFO] Loaded command: /wallet [user] (user/wallet.js)
[2026-07-26 18:28:21] [INFO] Loaded command: /weekly [user] (user/weekly.js)
[2026-07-26 18:28:21] [INFO] Loaded command: /calculator [utility] (utility/calculator.js)
[2026-07-26 18:28:21] [INFO] Loaded command: /channelid [utility] (utility/channelid.js)
[2026-07-26 18:28:21] [INFO] Loaded command: /emojiinfo [utility] (utility/emojiinfo.js)
[2026-07-26 18:28:21] [INFO] Loaded command: /expandurl [utility] (utility/expandurl.js)
[2026-07-26 18:28:21] [INFO] Loaded command: /feedback [utility] (utility/feedback.js)
[2026-07-26 18:28:21] [INFO] Loaded command: /groupid [utility] (utility/groupid.js)
[2026-07-26 18:28:21] [INFO] Loaded command: /news [utility] (utility/news.js)
[2026-07-26 18:28:21] [INFO] Loaded command: /ping [utility] (utility/ping.js)
[2026-07-26 18:28:21] [INFO] Loaded command: /utilprofilepic [utility] (utility/profilepic.js)
[2026-07-26 18:28:21] [INFO] Loaded command: /qr [utility] (utility/qr.js)
[2026-07-26 18:28:21] [INFO] Loaded command: /server [utility] (utility/server.js)
[2026-07-26 18:28:21] [INFO] Loaded command: /shorturl [utility] (utility/shorturl.js)
[2026-07-26 18:28:21] [INFO] Loaded command: /status [utility] (utility/status.js)
[2026-07-26 18:28:21] [INFO] Loaded command: /stickerinfo [utility] (utility/stickerinfo.js)
[2026-07-26 18:28:21] [INFO] Loaded command: /support [utility] (utility/support.js)
[2026-07-26 18:28:21] [INFO] Loaded command: /time [utility] (utility/time.js)
[2026-07-26 18:28:21] [INFO] Loaded command: /translatefile [utility] (utility/translatefile.js)
[2026-07-26 18:28:21] [INFO] Loaded command: /uptime [utility] (utility/uptime.js)
[2026-07-26 18:28:21] [INFO] Loaded command: /userid [utility] (utility/userid.js)
[2026-07-26 18:28:21] [INFO] Loaded command: /weather [utility] (utility/weather.js)
[2026-07-26 18:38:37] [INFO] Loaded command: /auction [economy] (economy/auction.js)
[2026-07-26 18:38:37] [INFO] Loaded command: /bank [economy] (economy/bank.js)
[2026-07-26 18:38:37] [INFO] Loaded command: /bid [economy] (economy/bid.js)
[2026-07-26 18:38:37] [INFO] Loaded command: /buy [economy] (economy/buy.js)
[2026-07-26 18:38:37] [INFO] Loaded command: /claim [economy] (economy/claim.js)
[2026-07-26 18:38:37] [INFO] Loaded command: /coupon [economy] (economy/coupon.js)
[2026-07-26 18:38:37] [INFO] Loaded command: /deposit [economy] (economy/deposit.js)
[2026-07-26 18:38:37] [INFO] Loaded command: /equip [economy] (economy/equip.js)
[2026-07-26 18:38:37] [INFO] Loaded command: /gift [economy] (economy/gift.js)
[2026-07-26 18:38:37] [INFO] Loaded command: /interest [economy] (economy/interest.js)
[2026-07-26 18:38:37] [INFO] Loaded command: /inventory [economy] (economy/inventory.js)
[2026-07-26 18:38:37] [INFO] Loaded command: /invoice [economy] (economy/invoice.js)
[2026-07-26 18:38:37] [INFO] Loaded command: /loan [economy] (economy/loan.js)
[2026-07-26 18:38:37] [INFO] Loaded command: /market [economy] (economy/market.js)
[2026-07-26 18:38:37] [INFO] Loaded command: /pay [economy] (economy/pay.js)
[2026-07-26 18:38:37] [INFO] Loaded command: /redeem [economy] (economy/redeem.js)
[2026-07-26 18:38:37] [INFO] Loaded command: /repay [economy] (economy/repay.js)
[2026-07-26 18:38:37] [INFO] Loaded command: /request [economy] (economy/request.js)
[2026-07-26 18:38:37] [INFO] Loaded command: /reward [economy] (economy/reward.js)
[2026-07-26 18:38:37] [INFO] Loaded command: /rob [economy] (economy/rob.js)
[2026-07-26 18:38:37] [INFO] Loaded command: /sell [economy] (economy/sell.js)
[2026-07-26 18:38:37] [INFO] Loaded command: /send [economy] (economy/send.js)
[2026-07-26 18:38:37] [INFO] Loaded command: /shop [economy] (economy/shop.js)
[2026-07-26 18:38:37] [INFO] Loaded command: /tax [economy] (economy/tax.js)
[2026-07-26 18:38:37] [INFO] Loaded command: /trade [economy] (economy/trade.js)
[2026-07-26 18:38:37] [INFO] Loaded command: /unequip [economy] (economy/unequip.js)
[2026-07-26 18:38:37] [INFO] Loaded command: /vault [economy] (economy/vault.js)
[2026-07-26 18:38:37] [INFO] Loaded command: /withdraw [economy] (economy/withdraw.js)
[2026-07-26 18:38:37] [INFO] Loaded command: /8ball [fun] (fun/8ball.js)
[2026-07-26 18:38:37] [INFO] Loaded command: /ageguess [fun] (fun/ageguess.js)
[2026-07-26 18:38:37] [INFO] Loaded command: /birthday [fun] (fun/birthday.js)
[2026-07-26 18:38:37] [INFO] Loaded command: /challenge [fun] (fun/challenge.js)
[2026-07-26 18:38:37] [INFO] Loaded command: /compliment [fun] (fun/compliment.js)
[2026-07-26 18:38:37] [INFO] Loaded command: /dare [fun] (fun/dare.js)
[2026-07-26 18:38:37] [INFO] Loaded command: /fact [fun] (fun/fact.js)
[2026-07-26 18:38:37] [INFO] Loaded command: /fortune [fun] (fun/fortune.js)
[2026-07-26 18:38:37] [INFO] Loaded command: /fortunecookie [fun] (fun/fortunecookie.js)
[2026-07-26 18:38:37] [INFO] Loaded command: /iq [fun] (fun/iq.js)
[2026-07-26 18:38:37] [INFO] Loaded command: /joke [fun] (fun/joke.js)
[2026-07-26 18:38:37] [INFO] Loaded command: /kill [fun] (fun/kill.js)
[2026-07-26 18:38:37] [INFO] Loaded command: /luck [fun] (fun/luck.js)
[2026-07-26 18:38:37] [INFO] Loaded command: /nickname [fun] (fun/nickname.js)
[2026-07-26 18:38:37] [INFO] Loaded command: /partner [fun] (fun/partner.js)
[2026-07-26 18:38:37] [INFO] Loaded command: /quote [fun] (fun/quote.js)
[2026-07-26 18:38:37] [INFO] Loaded command: /rate [fun] (fun/rate.js)
[2026-07-26 18:38:37] [INFO] Loaded command: /roast [fun] (fun/roast.js)
[2026-07-26 18:38:37] [INFO] Loaded command: /ship [fun] (fun/ship.js)
[2026-07-26 18:38:37] [INFO] Loaded command: /truth [fun] (fun/truth.js)
[2026-07-26 18:38:37] [INFO] Loaded command: /bonus [gacha] (gacha/bonus.js)
[2026-07-26 18:38:37] [INFO] Loaded command: /code [gacha] (gacha/code.js)
[2026-07-26 18:38:37] [INFO] Loaded command: /collection [gacha] (gacha/collection.js)
[2026-07-26 18:38:37] [INFO] Loaded command: /drop [gacha] (gacha/drop.js)
[2026-07-26 18:38:37] [INFO] Loaded command: /event [gacha] (gacha/event.js)
[2026-07-26 18:38:37] [INFO] Loaded command: /eventshop [gacha] (gacha/eventshop.js)
[2026-07-26 18:38:37] [INFO] Loaded command: /exchange [gacha] (gacha/exchange.js)
[2026-07-26 18:38:37] [INFO] Loaded command: /gachahistory [gacha] (gacha/gachahistory.js)
[2026-07-26 18:38:37] [INFO] Loaded command: /gacharedeem [gacha] (gacha/gacharedeem.js)
[2026-07-26 18:38:37] [INFO] Loaded command: /giftitem [gacha] (gacha/giftitem.js)
[2026-07-26 18:38:37] [INFO] Loaded command: /items [gacha] (gacha/items.js)
[2026-07-26 18:38:37] [INFO] Loaded command: /luckcheck [gacha] (gacha/luckcheck.js)
[2026-07-26 18:38:37] [INFO] Loaded command: /merge [gacha] (gacha/merge.js)
[2026-07-26 18:38:37] [INFO] Loaded command: /multispin [gacha] (gacha/multispin.js)
[2026-07-26 18:38:37] [INFO] Loaded command: /rarity [gacha] (gacha/rarity.js)
[2026-07-26 18:38:37] [INFO] Loaded command: /rewards [gacha] (gacha/rewards.js)
[2026-07-26 18:38:37] [INFO] Loaded command: /season [gacha] (gacha/season.js)
[2026-07-26 18:38:37] [INFO] Loaded command: /spin [gacha] (gacha/spin.js)
[2026-07-26 18:38:37] [INFO] Loaded command: /upgrade [gacha] (gacha/upgrade.js)
[2026-07-26 18:38:37] [INFO] Loaded command: /wishlist [gacha] (gacha/wishlist.js)
[2026-07-26 18:38:37] [INFO] Loaded command: /blackjack [games] (games/blackjack.js)
[2026-07-26 18:38:37] [INFO] Loaded command: /casino [games] (games/casino.js)
[2026-07-26 18:38:37] [INFO] Loaded command: /chess [games] (games/chess.js)
[2026-07-26 18:38:37] [INFO] Loaded command: /coinflip [games] (games/coinflip.js)
[2026-07-26 18:38:37] [INFO] Loaded command: /dailygame [games] (games/dailygame.js)
[2026-07-26 18:38:37] [INFO] Loaded command: /dice [games] (games/dice.js)
[2026-07-26 18:38:37] [INFO] Loaded command: /duel [games] (games/duel.js)
[2026-07-26 18:38:37] [INFO] Loaded command: /fight [games] (games/fight.js)
[2026-07-26 18:38:37] [INFO] Loaded command: /games [games] (games/games.js)
[2026-07-26 18:38:37] [INFO] Loaded command: /guess [games] (games/guess.js)
[2026-07-26 18:38:37] [INFO] Loaded command: /hangman [games] (games/hangman.js)
[2026-07-26 18:38:37] [INFO] Loaded command: /heal [games] (games/heal.js)
[2026-07-26 18:38:37] [WARN] Skipping invalid command file: games/health-store.js (missing "name" or "execute")
[2026-07-26 18:38:37] [INFO] Loaded command: /ludo [games] (games/ludo.js)
[2026-07-26 18:38:37] [INFO] Loaded command: /memory [games] (games/memory.js)
[2026-07-26 18:38:37] [INFO] Loaded command: /poker [games] (games/poker.js)
[2026-07-26 18:38:37] [INFO] Loaded command: /quizgame [games] (games/quizgame.js)
[2026-07-26 18:38:37] [INFO] Loaded command: /race [games] (games/race.js)
[2026-07-26 18:38:37] [INFO] Loaded command: /roulette [games] (games/roulette.js)
[2026-07-26 18:38:37] [INFO] Loaded command: /rps [games] (games/rps.js)
[2026-07-26 18:38:37] [INFO] Loaded command: /slots [games] (games/slots.js)
[2026-07-26 18:38:37] [INFO] Loaded command: /snake [games] (games/snake.js)
[2026-07-26 18:38:37] [INFO] Loaded command: /tictactoe [games] (games/tictactoe.js)
[2026-07-26 18:38:37] [INFO] Loaded command: /wordle [games] (games/wordle.js)
[2026-07-26 18:38:37] [INFO] Loaded command: /admins [group] (group/admins.js)
[2026-07-26 18:38:37] [INFO] Loaded command: /announce [group] (group/announce.js)
[2026-07-26 18:38:37] [INFO] Loaded command: /approve [group] (group/approve.js)
[2026-07-26 18:38:37] [INFO] Loaded command: /ban [group] (group/ban.js)
[2026-07-26 18:38:37] [INFO] Loaded command: /clean [group] (group/clean.js)
[2026-07-26 18:38:37] [INFO] Loaded command: /clearwarn [group] (group/clearwarn.js)
[2026-07-26 18:38:37] [INFO] Loaded command: /goodbye [group] (group/goodbye.js)
[2026-07-26 18:38:37] [INFO] Loaded command: /groupinfo [group] (group/groupinfo.js)
[2026-07-26 18:38:37] [INFO] Loaded command: /grouplink [group] (group/grouplink.js)
[2026-07-26 18:38:37] [INFO] Loaded command: /kick [group] (group/kick.js)
[2026-07-26 18:38:37] [INFO] Loaded command: /lock [group] (group/lock.js)
[2026-07-26 18:38:37] [INFO] Loaded command: /mute [group] (group/mute.js)
[2026-07-26 18:38:37] [INFO] Loaded command: /pin [group] (group/pin.js)
[2026-07-26 18:38:37] [INFO] Loaded command: /poll [group] (group/poll.js)
[2026-07-26 18:38:37] [INFO] Loaded command: /removeapprove [group] (group/removeapprove.js)
[2026-07-26 18:38:37] [INFO] Loaded command: /report [group] (group/report.js)
[2026-07-26 18:38:37] [INFO] Loaded command: /rules [group] (group/rules.js)
[2026-07-26 18:38:37] [INFO] Loaded command: /slowmode [group] (group/slowmode.js)
[2026-07-26 18:38:37] [INFO] Loaded command: /tagall [group] (group/tagall.js)
[2026-07-26 18:38:37] [INFO] Loaded command: /unban [group] (group/unban.js)
[2026-07-26 18:38:37] [INFO] Loaded command: /unlock [group] (group/unlock.js)
[2026-07-26 18:38:37] [INFO] Loaded command: /unmute [group] (group/unmute.js)
[2026-07-26 18:38:37] [INFO] Loaded command: /unpin [group] (group/unpin.js)
[2026-07-26 18:38:37] [INFO] Loaded command: /warn [group] (group/warn.js)
[2026-07-26 18:38:37] [INFO] Loaded command: /welcome [group] (group/welcome.js)
[2026-07-26 18:38:37] [INFO] Loaded command: /compress [media] (media/compress.js)
[2026-07-26 18:38:37] [INFO] Loaded command: /convert [media] (media/convert.js)
[2026-07-26 18:38:37] [INFO] Loaded command: /enhance [media] (media/enhance.js)
[2026-07-26 18:38:37] [INFO] Loaded command: /facebook [media] (media/facebook.js)
[2026-07-26 18:38:37] [INFO] Loaded command: /gif [media] (media/gif.js)
[2026-07-26 18:38:37] [INFO] Loaded command: /instagram [media] (media/instagram.js)
[2026-07-26 18:38:37] [INFO] Loaded command: /lyrics [media] (media/lyrics.js)
[2026-07-26 18:38:37] [INFO] Loaded command: /meme [media] (media/meme.js)
[2026-07-26 18:38:37] [INFO] Loaded command: /music [media] (media/music.js)
[2026-07-26 18:38:37] [INFO] Loaded command: /resize [media] (media/resize.js)
[2026-07-26 18:38:37] [INFO] Loaded command: /song [media] (media/song.js)
[2026-07-26 18:38:37] [INFO] Loaded command: /spotify [media] (media/spotify.js)
[2026-07-26 18:38:37] [INFO] Loaded command: /sticker [media] (media/sticker.js)
[2026-07-26 18:38:37] [INFO] Loaded command: /textsticker [media] (media/textsticker.js)
[2026-07-26 18:38:37] [INFO] Loaded command: /tiktok [media] (media/tiktok.js)
[2026-07-26 18:38:37] [INFO] Loaded command: /twitter [media] (media/twitter.js)
[2026-07-26 18:38:37] [INFO] Loaded command: /upload [media] (media/upload.js)
[2026-07-26 18:38:37] [INFO] Loaded command: /watermark [media] (media/watermark.js)
[2026-07-26 18:38:38] [INFO] Loaded command: /youtube [media] (media/youtube.js)
[2026-07-26 18:38:38] [INFO] Loaded command: /ytaudio [media] (media/ytaudio.js)
[2026-07-26 18:38:38] [INFO] Loaded command: /addadmin [owner] (owner/addadmin.js)
[2026-07-26 18:38:38] [INFO] Loaded command: /addbot [owner] (owner/addbot.js)
[2026-07-26 18:38:38] [INFO] Loaded command: /bots [owner] (owner/bots.js)
[2026-07-26 18:38:38] [INFO] Loaded command: /broadcast [owner] (owner/broadcast.js)
[2026-07-26 18:38:38] [INFO] Loaded command: /clearcache [owner] (owner/clearcache.js)
[2026-07-26 18:38:38] [INFO] Loaded command: /config [owner] (owner/config.js)
[2026-07-26 18:38:38] [INFO] Loaded command: /createcode [owner] (owner/createcode.js)
[2026-07-26 18:38:38] [INFO] Loaded command: /deletecode [owner] (owner/deletecode.js)
[2026-07-26 18:38:38] [INFO] Loaded command: /disable [owner] (owner/disable.js)
[2026-07-26 18:38:38] [INFO] Loaded command: /enable [owner] (owner/enable.js)
[2026-07-26 18:38:38] [INFO] Loaded command: /export [owner] (owner/export.js)
[2026-07-26 18:38:38] [INFO] Loaded command: /feature [owner] (owner/feature.js)
[2026-07-26 18:38:38] [INFO] Loaded command: /import [owner] (owner/import.js)
[2026-07-26 18:38:38] [INFO] Loaded command: /listcodes [owner] (owner/listcodes.js)
[2026-07-26 18:38:38] [INFO] Loaded command: /maintenance [owner] (owner/maintenance.js)
[2026-07-26 18:38:38] [INFO] Loaded command: /monitor [owner] (owner/monitor.js)
[2026-07-26 18:38:38] [INFO] Loaded command: /premium [owner] (owner/premium.js)
[2026-07-26 18:38:38] [INFO] Loaded command: /premiumadd [owner] (owner/premiumadd.js)
[2026-07-26 18:38:38] [INFO] Loaded command: /premiumremove [owner] (owner/premiumremove.js)
[2026-07-26 18:38:38] [INFO] Loaded command: /reload [owner] (owner/reload.js)
[2026-07-26 18:38:38] [INFO] Loaded command: /removeadmin [owner] (owner/removeadmin.js)
[2026-07-26 18:38:38] [INFO] Loaded command: /removebot [owner] (owner/removebot.js)
[2026-07-26 18:38:38] [INFO] Loaded command: /restart [owner] (owner/restart.js)
[2026-07-26 18:38:38] [INFO] Loaded command: /shutdown [owner] (owner/shutdown.js)
[2026-07-26 18:38:38] [INFO] Loaded command: /stats [owner] (owner/stats.js)
[2026-07-26 18:38:38] [INFO] Loaded command: /update [owner] (owner/update.js)
[2026-07-26 18:38:38] [INFO] Loaded command: /antibot [security] (security/antibot.js)
[2026-07-26 18:38:38] [INFO] Loaded command: /antiflood [security] (security/antiflood.js)
[2026-07-26 18:38:38] [INFO] Loaded command: /antiraid [security] (security/antiraid.js)
[2026-07-26 18:38:38] [INFO] Loaded command: /antispam [security] (security/antispam.js)
[2026-07-26 18:38:38] [INFO] Loaded command: /antitoxic [security] (security/antitoxic.js)
[2026-07-26 18:38:38] [INFO] Loaded command: /audit [security] (security/audit.js)
[2026-07-26 18:38:38] [INFO] Loaded command: /autoreply [security] (security/autoreply.js)
[2026-07-26 18:38:38] [INFO] Loaded command: /autorole [security] (security/autorole.js)
[2026-07-26 18:38:38] [INFO] Loaded command: /backup [security] (security/backup.js)
[2026-07-26 18:38:38] [INFO] Loaded command: /blacklist [security] (security/blacklist.js)
[2026-07-26 18:38:38] [INFO] Loaded command: /captcha [security] (security/captcha.js)
[2026-07-26 18:38:38] [INFO] Loaded command: /cleanup [security] (security/cleanup.js)
[2026-07-26 18:38:38] [INFO] Loaded command: /filter [security] (security/filter.js)
[2026-07-26 18:38:38] [INFO] Loaded command: /linkguard [security] (security/linkguard.js)
[2026-07-26 18:38:38] [INFO] Loaded command: /logs [security] (security/logs.js)
[2026-07-26 18:38:38] [INFO] Loaded command: /permissions [security] (security/permissions.js)
[2026-07-26 18:38:38] [INFO] Loaded command: /restore [security] (security/restore.js)
[2026-07-26 18:38:38] [INFO] Loaded command: /scan [security] (security/scan.js)
[2026-07-26 18:38:38] [INFO] Loaded command: /verify [security] (security/verify.js)
[2026-07-26 18:38:38] [INFO] Loaded command: /whitelist [security] (security/whitelist.js)
[2026-07-26 18:38:38] [INFO] Loaded command: /avatar [user] (user/avatar.js)
[2026-07-26 18:38:38] [INFO] Loaded command: /badge [user] (user/badge.js)
[2026-07-26 18:38:38] [INFO] Loaded command: /balance [user] (user/balance.js)
[2026-07-26 18:38:38] [INFO] Loaded command: /bio [user] (user/bio.js)
[2026-07-26 18:38:38] [INFO] Loaded command: /daily [user] (user/daily.js)
[2026-07-26 18:38:38] [INFO] Loaded command: /help [user] (user/help.js)
[2026-07-26 18:38:38] [INFO] Loaded command: /history [user] (user/history.js)
[2026-07-26 18:38:38] [INFO] Loaded command: /leaderboard [user] (user/leaderboard.js)
[2026-07-26 18:38:38] [INFO] Loaded command: /level [user] (user/level.js)
[2026-07-26 18:38:38] [INFO] Loaded command: /menu [user] (user/menu.js)
[2026-07-26 18:38:38] [INFO] Loaded command: /monthly [user] (user/monthly.js)
[2026-07-26 18:38:38] [INFO] Loaded command: /profile [user] (user/profile.js)
[2026-07-26 18:38:38] [INFO] Loaded command: /profilepic [user] (user/profilepic.js)
[2026-07-26 18:38:38] [INFO] Loaded command: /rank [user] (user/rank.js)
[2026-07-26 18:38:38] [INFO] Loaded command: /referral [user] (user/referral.js)
[2026-07-26 18:38:38] [INFO] Loaded command: /setbio [user] (user/setbio.js)
[2026-07-26 18:38:38] [INFO] Loaded command: /settings [user] (user/settings.js)
[2026-07-26 18:38:38] [INFO] Loaded command: /start [user] (user/start.js)
[2026-07-26 18:38:38] [INFO] Loaded command: /wallet [user] (user/wallet.js)
[2026-07-26 18:38:38] [INFO] Loaded command: /weekly [user] (user/weekly.js)
[2026-07-26 18:38:38] [INFO] Loaded command: /calculator [utility] (utility/calculator.js)
[2026-07-26 18:38:38] [INFO] Loaded command: /channelid [utility] (utility/channelid.js)
[2026-07-26 18:38:38] [INFO] Loaded command: /emojiinfo [utility] (utility/emojiinfo.js)
[2026-07-26 18:38:38] [INFO] Loaded command: /expandurl [utility] (utility/expandurl.js)
[2026-07-26 18:38:38] [INFO] Loaded command: /feedback [utility] (utility/feedback.js)
[2026-07-26 18:38:38] [INFO] Loaded command: /groupid [utility] (utility/groupid.js)
[2026-07-26 18:38:38] [INFO] Loaded command: /news [utility] (utility/news.js)
[2026-07-26 18:38:38] [INFO] Loaded command: /ping [utility] (utility/ping.js)
[2026-07-26 18:38:38] [INFO] Loaded command: /utilprofilepic [utility] (utility/profilepic.js)
[2026-07-26 18:38:38] [INFO] Loaded command: /qr [utility] (utility/qr.js)
[2026-07-26 18:38:38] [INFO] Loaded command: /server [utility] (utility/server.js)
[2026-07-26 18:38:38] [INFO] Loaded command: /shorturl [utility] (utility/shorturl.js)
[2026-07-26 18:38:38] [INFO] Loaded command: /status [utility] (utility/status.js)
[2026-07-26 18:38:38] [INFO] Loaded command: /stickerinfo [utility] (utility/stickerinfo.js)
[2026-07-26 18:38:38] [INFO] Loaded command: /support [utility] (utility/support.js)
[2026-07-26 18:38:38] [INFO] Loaded command: /time [utility] (utility/time.js)
[2026-07-26 18:38:38] [INFO] Loaded command: /translatefile [utility] (utility/translatefile.js)
[2026-07-26 18:38:38] [INFO] Loaded command: /uptime [utility] (utility/uptime.js)
[2026-07-26 18:38:38] [INFO] Loaded command: /userid [utility] (utility/userid.js)
[2026-07-26 18:38:38] [INFO] Loaded command: /weather [utility] (utility/weather.js)
